Rabi scan, Run step: 0total 20
Rabi scan, Run step: 1total 20
Rabi scan, Run step: 2total 20
Rabi scan, Run step: 3total 20
Rabi scan, Run step: 4total 20
Rabi scan, Run step: 5total 20
Rabi scan, Run step: 6total 20
Rabi scan, Run step: 7total 20
Rabi scan, Run step: 8total 20
Rabi scan, Run step: 9total 20
Rabi scan, Run step: 10total 20
Rabi scan, Run step: 11total 20
Rabi scan, Run step: 12total 20
Rabi scan, Run step: 13total 20
Rabi scan, Run step: 14total 20
Rabi scan, Run step: 15total 20
Rabi scan, Run step: 16total 20
Rabi scan, Run step: 17total 20
Rabi scan, Run step: 18total 20
Rabi scan, Run step: 19total 20
DiLILA Ramp, Run step: 0total 192
DiLILA Ramp, Run step: 1total 192
DiLILA Ramp, Run step: 2total 192
DiLILA Ramp, Run step: 3total 192
DiLILA Ramp, Run step: 4total 192
DiLILA Ramp, Run step: 5total 192
DiLILA Ramp, Run step: 6total 192
DiLILA Ramp, Run step: 7total 192
DiLILA Ramp, Run step: 8total 192
DiLILA Ramp, Run step: 9total 192
DiLILA Ramp, Run step: 10total 192
DiLILA Ramp, Run step: 11total 192
DiLILA Ramp, Run step: 12total 192
DiLILA Ramp, Run step: 13total 192
DiLILA Ramp, Run step: 14total 192
DiLILA Ramp, Run step: 15total 192
DiLILA Ramp, Run step: 16total 192
DiLILA Ramp, Run step: 17total 192
DiLILA Ramp, Run step: 18total 192
DiLILA Ramp, Run step: 19total 192
DiLILA Ramp, Run step: 20total 192
DiLILA Ramp, Run step: 21total 192
DiLILA Ramp, Run step: 22total 192
DiLILA Ramp, Run step: 23total 192
DiLILA Ramp, Run step: 24total 192
DiLILA Ramp, Run step: 25total 192
DiLILA Ramp, Run step: 26total 192
DiLILA Ramp, Run step: 27total 192
DiLILA Ramp, Run step: 28total 192
DiLILA Ramp, Run step: 29total 192
DiLILA Ramp, Run step: 30total 192
DiLILA Ramp, Run step: 31total 192
DiLILA Ramp, Run step: 32total 192
DiLILA Ramp, Run step: 33total 192
DiLILA Ramp, Run step: 34total 192
DiLILA Ramp, Run step: 35total 192
DiLILA Ramp, Run step: 36total 192
DiLILA Ramp, Run step: 37total 192
DiLILA Ramp, Run step: 38total 192
DiLILA Ramp, Run step: 39total 192
DiLILA Ramp, Run step: 40total 192
DiLILA Ramp, Run step: 41total 192
DiLILA Ramp, Run step: 42total 192
DiLILA Ramp, Run step: 43total 192
DiLILA Ramp, Run step: 44total 192
DiLILA Ramp, Run step: 45total 192
DiLILA Ramp, Run step: 46total 192
DiLILA Ramp, Run step: 47total 192
DiLILA Ramp, Run step: 48total 192
DiLILA Ramp, Run step: 49total 192
DiLILA Ramp, Run step: 50total 192
DiLILA Ramp, Run step: 51total 192
DiLILA Ramp, Run step: 52total 192
DiLILA Ramp, Run step: 53total 192
DiLILA Ramp, Run step: 54total 192
DiLILA Ramp, Run step: 55total 192
DiLILA Ramp, Run step: 56total 192
DiLILA Ramp, Run step: 57total 192
DiLILA Ramp, Run step: 58total 192
DiLILA Ramp, Run step: 59total 192
DiLILA Ramp, Run step: 60total 192
DiLILA Ramp, Run step: 61total 192
DiLILA Ramp, Run step: 62total 192
DiLILA Ramp, Run step: 63total 192
DiLILA Ramp, Run step: 64total 192
DiLILA Ramp, Run step: 65total 192
DiLILA Ramp, Run step: 66total 192
DiLILA Ramp, Run step: 67total 192
DiLILA Ramp, Run step: 68total 192
DiLILA Ramp, Run step: 69total 192
DiLILA Ramp, Run step: 70total 192
DiLILA Ramp, Run step: 71total 192
DiLILA Ramp, Run step: 72total 192
DiLILA Ramp, Run step: 73total 192
DiLILA Ramp, Run step: 74total 192
DiLILA Ramp, Run step: 75total 192
DiLILA Ramp, Run step: 76total 192
DiLILA Ramp, Run step: 77total 192
DiLILA Ramp, Run step: 78total 192
DiLILA Ramp, Run step: 79total 192
DiLILA Ramp, Run step: 80total 192
DiLILA Ramp, Run step: 81total 192
DiLILA Ramp, Run step: 82total 192
DiLILA Ramp, Run step: 83total 192
DiLILA Ramp, Run step: 84total 192
DiLILA Ramp, Run step: 85total 192
DiLILA Ramp, Run step: 86total 192
DiLILA Ramp, Run step: 87total 192
DiLILA Ramp, Run step: 88total 192
DiLILA Ramp, Run step: 89total 192
DiLILA Ramp, Run step: 90total 192
DiLILA Ramp, Run step: 91total 192
DiLILA Ramp, Run step: 92total 192
DiLILA Ramp, Run step: 93total 192
DiLILA Ramp, Run step: 94total 192
DiLILA Ramp, Run step: 95total 192
DiLILA Ramp, Run step: 96total 192
DiLILA Ramp, Run step: 97total 192
DiLILA Ramp, Run step: 98total 192
DiLILA Ramp, Run step: 99total 192
DiLILA Ramp, Run step: 100total 192
DiLILA Ramp, Run step: 101total 192
DiLILA Ramp, Run step: 102total 192
DiLILA Ramp, Run step: 103total 192
DiLILA Ramp, Run step: 104total 192
DiLILA Ramp, Run step: 105total 192
DiLILA Ramp, Run step: 106total 192
DiLILA Ramp, Run step: 107total 192
DiLILA Ramp, Run step: 108total 192
DiLILA Ramp, Run step: 109total 192
DiLILA Ramp, Run step: 110total 192
DiLILA Ramp, Run step: 111total 192
DiLILA Ramp, Run step: 112total 192
DiLILA Ramp, Run step: 113total 192
DiLILA Ramp, Run step: 114total 192
DiLILA Ramp, Run step: 115total 192
DiLILA Ramp, Run step: 116total 192
DiLILA Ramp, Run step: 117total 192
DiLILA Ramp, Run step: 118total 192
DiLILA Ramp, Run step: 119total 192
DiLILA Ramp, Run step: 120total 192
DiLILA Ramp, Run step: 121total 192
DiLILA Ramp, Run step: 122total 192
DiLILA Ramp, Run step: 123total 192
DiLILA Ramp, Run step: 124total 192
DiLILA Ramp, Run step: 125total 192
DiLILA Ramp, Run step: 126total 192
DiLILA Ramp, Run step: 127total 192
DiLILA Ramp, Run step: 128total 192
DiLILA Ramp, Run step: 129total 192
DiLILA Ramp, Run step: 130total 192
DiLILA Ramp, Run step: 131total 192
DiLILA Ramp, Run step: 132total 192
DiLILA Ramp, Run step: 133total 192
DiLILA Ramp, Run step: 134total 192
DiLILA Ramp, Run step: 135total 192
DiLILA Ramp, Run step: 136total 192
DiLILA Ramp, Run step: 137total 192
DiLILA Ramp, Run step: 138total 192
DiLILA Ramp, Run step: 139total 192
DiLILA Ramp, Run step: 140total 192
DiLILA Ramp, Run step: 141total 192
DiLILA Ramp, Run step: 142total 192
DiLILA Ramp, Run step: 143total 192
DiLILA Ramp, Run step: 144total 192
DiLILA Ramp, Run step: 145total 192
DiLILA Ramp, Run step: 146total 192
DiLILA Ramp, Run step: 147total 192
DiLILA Ramp, Run step: 148total 192
DiLILA Ramp, Run step: 149total 192
DiLILA Ramp, Run step: 150total 192
DiLILA Ramp, Run step: 151total 192
DiLILA Ramp, Run step: 152total 192
DiLILA Ramp, Run step: 153total 192
DiLILA Ramp, Run step: 154total 192
DiLILA Ramp, Run step: 155total 192
DiLILA Ramp, Run step: 156total 192
DiLILA Ramp, Run step: 157total 192
DiLILA Ramp, Run step: 158total 192
DiLILA Ramp, Run step: 159total 192
DiLILA Ramp, Run step: 160total 192
DiLILA Ramp, Run step: 161total 192
DiLILA Ramp, Run step: 162total 192
DiLILA Ramp, Run step: 163total 192
DiLILA Ramp, Run step: 164total 192
DiLILA Ramp, Run step: 165total 192
DiLILA Ramp, Run step: 166total 192
DiLILA Ramp, Run step: 167total 192
DiLILA Ramp, Run step: 168total 192
DiLILA Ramp, Run step: 169total 192
DiLILA Ramp, Run step: 170total 192
DiLILA Ramp, Run step: 171total 192
DiLILA Ramp, Run step: 172total 192
DiLILA Ramp, Run step: 173total 192
DiLILA Ramp, Run step: 174total 192
DiLILA Ramp, Run step: 175total 192
DiLILA Ramp, Run step: 176total 192
DiLILA Ramp, Run step: 177total 192
DiLILA Ramp, Run step: 178total 192
DiLILA Ramp, Run step: 179total 192
DiLILA Ramp, Run step: 180total 192
DiLILA Ramp, Run step: 181total 192
DiLILA Ramp, Run step: 182total 192
DiLILA Ramp, Run step: 183total 192
DiLILA Ramp, Run step: 184total 192
DiLILA Ramp, Run step: 185total 192
DiLILA Ramp, Run step: 186total 192
DiLILA Ramp, Run step: 187total 192
DiLILA Ramp, Run step: 188total 192
DiLILA Ramp, Run step: 189total 192
DiLILA Ramp, Run step: 190total 192
DiLILA Ramp, Run step: 191total 192
2023_01_04_22_08_51L20
27712
